<?xml version="1.0" encoding="utf-8" standalone="yes"?><rss version="2.0" xmlns:atom="http://www.w3.org/2005/Atom"><channel><title>MATLAB online on Hugo</title><link>https://306maxi.github.io/hugo-theme-salt/tags/MATLAB-online/</link><description>Recent content in MATLAB online on Hugo</description><generator>Hugo -- gohugo.io</generator><language>ja</language><managingEditor>okdyy75@gmail.com (okdyy75)</managingEditor><webMaster>okdyy75@gmail.com (okdyy75)</webMaster><copyright>© 2022</copyright><lastBuildDate>Fri, 25 Feb 2022 00:00:00 +0000</lastBuildDate><atom:link href="https://306maxi.github.io/hugo-theme-salt/tags/MATLAB-online/index.xml" rel="self" type="application/rss+xml"/><item><title>MATLABオンラインVMスペック</title><link>https://306maxi.github.io/hugo-theme-salt/article/blog/development/MATLAB/220225_MATLAB%E3%82%AA%E3%83%B3%E3%83%A9%E3%82%A4%E3%83%B3VM%E3%82%B9%E3%83%9A%E3%83%83%E3%82%AF/</link><pubDate>Fri, 25 Feb 2022 00:00:00 +0000</pubDate><author>okdyy75@gmail.com (okdyy75)</author><guid>https://306maxi.github.io/hugo-theme-salt/article/blog/development/MATLAB/220225_MATLAB%E3%82%AA%E3%83%B3%E3%83%A9%E3%82%A4%E3%83%B3VM%E3%82%B9%E3%83%9A%E3%83%83%E3%82%AF/</guid><description>:memo: MATLABオンラインVMスペック プロセッサ :computer: 15コアの様子 processer: 15 vendor_id: GenuineIntel cpu family: 6 model: 85 model name: Intel(R) Xeon(R) Platinum 8259CL CPU @ 2.5GHz stepping: 7 microcode: 0x500320a cpu MHz: 3070.332 chache size: 36608 KB メモリ &amp;gt;&amp;gt; system('cat /proc/meminfo') MemTotal: 130517732 kB MemFree: 13271368 kB MemAvailable: 26916768 kB Buffers: 1818028 kB Cached: 12002796 kB SwapCached: 0 kB Active: 108286024 kB Inactive: 5985008 kB Active(anon): 100452748 kB Inactive(anon): 41320 kB Active(file): 7833276 kB Inactive(file): 5943688 kB Unevictable: 0 kB Mlocked: 0 kB SwapTotal: 0 kB SwapFree: 0 kB Dirty: 3252 kB Writeback: 4272 kB AnonPages: 100449700 kB Mapped: 1529484 kB Shmem: 44152 kB Slab: 1804276 kB SReclaimable: 1102532 kB SUnreclaim: 701744 kB KernelStack: 280192 kB PageTables: 506212 kB NFS_Unstable: 0 kB Bounce: 0 kB WritebackTmp: 0 kB CommitLimit: 65258864 kB Committed_AS: 174894228 kB VmallocTotal: 34359738367 kB VmallocUsed: 0 kB VmallocChunk: 0 kB HardwareCorrupted: 0 kB AnonHugePages: 0 kB ShmemHugePages: 0 kB ShmemPmdMapped: 0 kB CmaTotal: 0 kB CmaFree: 0 kB HugePages_Total: 0 HugePages_Free: 0 HugePages_Rsvd: 0 HugePages_Surp: 0 Hugepagesize: 2048 kB DirectMap4k: 282532 kB</description></item></channel></rss>